MIME-Version: 1.0
Content-Type: multipart/alternative;
 boundary="===============8317660726865251429=="
Subject: Re: please healp
From: afrijobethiopia@gmail.com
To: seyayesemi@gmail.com
Date: Fri, 18 Sep 2026 07:57:58 +0000
Message-ID: <178971827862.1516.8174991325164901055@DESKTOP-LDBECI1>

--===============8317660726865251429==
Content-Type: text/plain; charset="utf-8"
Content-Transfer-Encoding: 8bit

yytffjjgoup;iuyfdtrjyiuytdf ioppiuyhlpopipijougyurruhtryf

--===============8317660726865251429==
Content-Type: text/html; charset="utf-8"
Content-Transfer-Encoding: quoted-printable
MIME-Version: 1.0

yytffjjgoup;iuyfdtrjyiuytdf=C2=A0<div>ioppiuyh</div><div>lpopipijougyurruhtry=
f</div>

--===============8317660726865251429==--

-------------------------------------------------------------------------------
