MIME-Version: 1.0
Content-Type: multipart/alternative;
 boundary="===============1537982723553364597=="
Subject: Re: please healp
From: afrijobethiopia@gmail.com
To: seyayesemi@gmail.com
Date: Fri, 18 Sep 2026 07:44:18 +0000
Message-ID: <178971745887.12076.4193923857627686059@DESKTOP-LDBECI1>

--===============1537982723553364597==
Content-Type: text/plain; charset="utf-8"
Content-Transfer-Encoding: 7bit

esrsr66rt7idrf8tyt7

--===============1537982723553364597==
Content-Type: text/html; charset="utf-8"
Content-Transfer-Encoding: quoted-printable
MIME-Version: 1.0

<b><span style=3D"color: rgb(23, 120, 217);"><span style=3D"background-color:=
 rgb(202, 18, 18);"><span style=3D"font-size: 17px;"><span style=3D"font-size=
: 18px;"><span style=3D"font-size: 19px;"><span style=3D"font-size: 20px;"><s=
pan style=3D"font-size: 21px;"><span style=3D"font-size: 22px;"><span style=
=3D"font-size: 23px;"><span style=3D"font-size: 24px;"><span style=3D"font-si=
ze: 25px;"><span style=3D"font-size: 26px;"><span style=3D"font-size: 27px;">=
<span style=3D"font-size: 28px;"><span style=3D"font-size: 29px;"><span style=
=3D"font-size: 30px;"><span style=3D"font-size: 31px;"><span style=3D"font-si=
ze: 32px;"><span style=3D"font-size: 33px;"><span style=3D"font-size: 34px;">=
<span style=3D"font-size: 35px;"><span style=3D"font-size: 36px;"><span style=
=3D"font-size: 37px;"><span style=3D"font-size: 38px;"><span style=3D"font-si=
ze: 39px;"><span style=3D"font-size: 40px;"><span style=3D"font-size: 41px;">=
<span style=3D"font-size: 42px;"><span style=3D"font-size: 43px;"><span style=
=3D"font-size: 44px;"><span style=3D"font-size: 45px;"><span style=3D"font-si=
ze: 46px;"><span style=3D"font-size: 47px;"><span style=3D"font-size: 48px;">=
<span style=3D"font-size: 49px;"><span style=3D"font-size: 50px;"><span style=
=3D"font-size: 51px;"><span style=3D"font-size: 52px;"><span style=3D"font-si=
ze: 53px;"><span style=3D"font-size: 54px;"><span style=3D"font-size: 55px;">=
<span style=3D"font-size: 56px;"><span style=3D"font-size: 57px;"><span style=
=3D"font-size: 56px;"><span style=3D"font-size: 55px;"><span style=3D"font-si=
ze: 54px;"><span style=3D"font-size: 53px;"><span style=3D"font-size: 52px;">=
<span style=3D"font-size: 51px;"><span style=3D"font-size: 50px;"><span style=
=3D"font-size: 49px;"><span style=3D"font-size: 48px;"><span style=3D"font-si=
ze: 47px;"><span style=3D"font-size: 46px;"><span style=3D"font-size: 45px;">=
<span style=3D"font-size: 44px;"><span style=3D"font-size: 43px;"><span style=
=3D"font-size: 42px;"><span style=3D"font-size: 41px;"><span style=3D"font-si=
ze: 40px;"><span style=3D"font-size: 39px;"><span style=3D"font-size: 38px;">=
<span style=3D"font-size: 37px;"><span style=3D"font-size: 36px;"><span style=
=3D"font-size: 35px;"><span style=3D"font-size: 34px;"><span style=3D"font-si=
ze: 33px;"><span style=3D"font-size: 32px;"><span style=3D"font-size: 31px;">=
<span style=3D"font-size: 30px;"><span style=3D"font-size: 29px;"><span style=
=3D"font-size: 28px;"><span style=3D"font-size: 27px;"><span style=3D"font-si=
ze: 26px;"><span style=3D"font-size: 25px;"><span style=3D"font-size: 24px;">=
<span style=3D"font-size: 23px;"><span style=3D"font-size: 22px;"><span style=
=3D"font-size: 21px;"><span style=3D"font-size: 20px;"><span style=3D"font-si=
ze: 19px;"><span style=3D"font-size: 18px;"><span style=3D"font-size: 17px;">=
<span style=3D"font-size: 16px;"><span style=3D"font-size: 15px;"><span style=
=3D"font-size: 14px;"><span style=3D"font-size: 13px;"><span style=3D"font-si=
ze: 13px;"><span style=3D"font-size: 13px;">esrsr66rt7</span></span></span></=
span></span></span></span></span></span></span></span></span></span></span></=
span></span></span></span></span></span></span></span></span></span></span></=
span></span></span></span></span></span></span></span></span></span></span></=
span></span></span></span></span></span></span></span></span></span></span></=
span></span></span></span></span></span></span></span></span></span></span></=
span></span></span></span></span></span></span></span></span></span></span></=
span></span></span></span></span></span></span></span></span></span></span></=
span></span></span></span></span></span></span></span></span></b>idrf8tyt7

--===============1537982723553364597==--

-------------------------------------------------------------------------------
